# testschema

## Viewpoints

| # | Name | Description |
| - | ---- | ----------- |
| 1 | [table a b](viewpoint-0.md) | select table a and b |
| 2 | [label blue](viewpoint-1.md) | select label blue |
| 3 | [label green](viewpoint-2.md) | select label green |
| 4 | [table a label red](viewpoint-3.md) | select table a and label red<br><br>- table a<br>- label red |

## Tables

| # | Name | Columns | Comment | Type | Labels |
| - | ---- | ------- | ------- | ---- | ------ |
| 1 | [a](a.md) | 2 | TABLE A |  | `blue` `green` |
| 2 | [b](b.md) | 2 | table b |  | `red` `green` |
| 3 | [view](view.md) | 1 | view | VIEW |  |

## Enums

| Name | Values |
| ---- | ------- |
| enum | one, three, two |

---

> Generated by [tbls](https://github.com/k1LoW/tbls)
